{
    "user_name": "testuser",
    "email": "testuser@example.com",
    "wrong_field": "Passw0rd!"
}