{
    "user_name": "testuser",
    "email": "testuser@example.com",
    "password": "Passw0rd!"
}